<html>
<body>
<pre>
<h1>µVision Build Log</h1>
<h2>Project:</h2>
C:\Keil\EE319Kware\lab 10\SpaceInvaders.uvproj
Project File Date:  04/26/2017

<h2>Output:</h2>
Rebuild target 'SpaceInvaders'
assembling startup.s...
assembling random.s...
compiling DAC.c...
compiling ADC.c...
compiling Timer0.c...
compiling Timer1.c...
compiling Sound.c...
assembling LCD.s...
assembling Print.s...
compiling SpaceInvaders.c...
SpaceInvaders.c(1744): warning:  #223-D: function "ADC_Init" declared implicitly
        ADC_Init();
SpaceInvaders.c(1853): warning:  #223-D: function "ADC_In" declared implicitly
                ADCMail = ADC_In();
SpaceInvaders.c: 2 warnings, 0 errors
compiling ST7735.c...
linking...
Program Size: Code=5720 RO-data=52044 RW-data=144 ZI-data=1176  
".\SpaceInvaders.axf" - 0 Error(s), 2 Warning(s).
Load "C:\\Keil\\EE319Kware\\lab 10\\SpaceInvaders.axf" 
Connecting: Mode=JTAG, Speed=1000000Hz
Erase Done.
Programming Done.
Verify OK.
E319Kware\\lab 10\\SpaceInvaders.axf" 
Connecting: Mode=JTAG, Speed=1000000Hz
Erase Done.
Programming Done.
Verify OK.
000Hz
Erase Done.
Programming Done.
Verify OK.

Connecting: Mode=JTAG, Speed=1000000Hz
Erase Done.
Programming Done.
Verify OK.
