<html>
<body>
<pre>
<h1>µVision Build Log</h1>
<h2>Project:</h2>
C:\Keil\EE319Kware\lab 10\SpaceInvaders.uvproj
Project File Date:  04/29/2017

<h2>Output:</h2>
Rebuild target 'SpaceInvaders'
assembling startup.s...
assembling random.s...
compiling DAC.c...
compiling ADC.c...
compiling Timer0.c...
compiling Timer1.c...
compiling Sound.c...
assembling LCD.s...
assembling Print.s...
compiling SpaceInvaders.c...
SpaceInvaders.c(4989): warning:  #223-D: function "Timer0A_Init" declared implicitly
    Timer0A_Init(ptr);
SpaceInvaders.c: 1 warning, 0 errors
compiling ST7735.c...
linking...
Program Size: Code=8024 RO-data=164816 RW-data=348 ZI-data=1180  
".\SpaceInvaders.axf" - 0 Error(s), 1 Warning(s).
Load "C:\\Keil\\EE319Kware\\lab 10\\SpaceInvaders.axf" 
Connecting: Mode=JTAG, Speed=1000000Hz
Erase Done.
Programming Done.
Verify OK.
Kware\\lab 10\\SpaceInvaders.axf" 
Connecting: Mode=JTAG, Speed=1000000Hz
Erase Done.
Programming Done.
Verify OK.
gramming Done.
Verify OK.
Load "C:\\Keil\\EE319Kware\\lab 10\\SpaceInvaders.axf" 
Connecting: Mode=JTAG, Speed=1000000Hz
Erase Done.
Programming Done.
Verify OK.
), 3 Warning(s).
Target not created
ceInvaders.axf" - 1 Error(s), 4 Warning(s).
Target not created
to list image symbols.
Not enough information to list the image map.
Finished: 2 information, 0 warning and 1 error messages.
".\SpaceInvaders.axf" - 1 Error(s), 5 Warning(s).
Target not created
revious syntax error
                ST7735_SetCursor(0,0);
SpaceInvaders.c(5019): error:  #79: expected a type specifier
                ST7735_OutString("Score:");                                   //outputs score
SpaceInvaders.c(5019): error:  #260-D: explicit type is missing ("int" assumed)
                ST7735_OutString("Score:");                                   //outputs score
SpaceInvaders.c(5019): error:  #147: declaration is incompatible with "void ST7735_OutString(char *)" (declared at line 391 of "ST7735.h")
                ST7735_OutString("Score:");                                   //outputs score
SpaceInvaders.c(5020): error:  #260-D: explicit type is missing ("int" assumed)
                LCD_OutDec(currentscore);
SpaceInvaders.c(5020): error:  #92: identifier-list parameters may only be used in a function definition
                LCD_OutDec(currentscore);
SpaceInvaders.c(5020): error:  #147: declaration is incompatible with "void LCD_OutDec(uint32_t)" (declared at line 423 of "ST7735.h")
                LCD_OutDec(currentscore);
SpaceInvaders.c(5021): error:  #77-D: this declaration has no storage class or type specifier
                currentscore++; 
SpaceInvaders.c(5021): error:  #147: declaration is incompatible with "uint64_t currentscore" (declared at line 66)
                currentscore++; 
SpaceInvaders.c(5021): error:  #65: expected a ";"
                currentscore++; 
SpaceInvaders.c(5023): error:  #169: expected a declaration
          if (ADCStatus == 1){  ///////////////                        //used slide pot to move the helicopter up and down
SpaceInvaders.c(5052): warning:  #12-D: parsing restarts here after previous syntax error
                uint64_t delays = 30000;                              //delay to make movement look nice
SpaceInvaders.c(5053): error:  #169: expected a declaration
                while (delays > 0){
SpaceInvaders.c(5078): warning:  #12-D: parsing restarts here after previous syntax error
                                        ostruct[i].length=21;
SpaceInvaders.c(5079): error:  #28: expression must have a constant value
                                        ostruct[i].width=14;
SpaceInvaders.c(5079): error:  #65: expected a ";"
                                        ostruct[i].width=14;
SpaceInvaders.c(5080): error:  #757: variable "ostruct" is not a type name
                                        ST7735_DrawBitmap(ostruct[i].ox, ostruct[i].oy, ostruct[i].optr, ostruct[i].width, ostruct[i].length);
SpaceInvaders.c(5080): error:  #18: expected a ")"
                                        ST7735_DrawBitmap(ostruct[i].ox, ostruct[i].oy, ostruct[i].optr, ostruct[i].width, ostruct[i].length);
SpaceInvaders.c(5080): error:  #260-D: explicit type is missing ("int" assumed)
                                        ST7735_DrawBitmap(ostruct[i].ox, ostruct[i].oy, ostruct[i].optr, ostruct[i].width, ostruct[i].length);
SpaceInvaders.c(5080): error:  #147: declaration is incompatible with "void ST7735_DrawBitmap(int16_t, int16_t, const uint16_t *, int16_t, int16_t)" (declared at line 186 of "ST7735.h")
                                        ST7735_DrawBitmap(ostruct[i].ox, ostruct[i].oy, ostruct[i].optr, ostruct[i].width, ostruct[i].length);
SpaceInvaders.c(5081): error:  #169: expected a declaration
                                }
SpaceInvaders.c(5084): error:  #77-D: this declaration has no storage class or type specifier
                                i++;
SpaceInvaders.c(5084): error:  #147: declaration is incompatible with "uint64_t i" (declared at line 4947)
                                i++;
SpaceInvaders.c(5084): error:  #65: expected a ";"
                                i++;
SpaceInvaders.c(5085): error:  #169: expected a declaration
                                if(i>=4){
SpaceInvaders.c(5096): warning:  #12-D: parsing restarts here after previous syntax error
      uint8_t y;                
SpaceInvaders.c(5097): error:  #169: expected a declaration
                for(y=0;y<4;y++){
SpaceInvaders.c(5153): warning: At end of source:  #12-D: parsing restarts here after previous syntax error
SpaceInvaders.c: 7 warnings, 29 errors
compiling ST7735.c...
".\SpaceInvaders.axf" - 29 Error(s), 7 Warning(s).
Target not created
